Renesas Optimizing Linker (W3.04.00 )             12-Aug-2023 19:23:24

*** Options ***

-subcommand=DefaultBuild\micromouse.clnk
-library=DefaultBuild\micromouse.lib
-input=DefaultBuild\dbsct.obj
-input=DefaultBuild\intprg.obj
-input=DefaultBuild\HM_StarterKit.obj
-input=DefaultBuild\resetprg.obj
-input=DefaultBuild\sbrk.obj
-input=DefaultBuild\vecttbl.obj
-input=DefaultBuild\sci.obj
-input=DefaultBuild\init.obj
-input=DefaultBuild\spi.obj
-input=DefaultBuild\interrupt.obj
-input=DefaultBuild\glob_var.obj
-input=DefaultBuild\run.obj
-input=DefaultBuild\interface.obj
-input=DefaultBuild\misc.obj
-input=DefaultBuild\search.obj
-input=DefaultBuild\DataFlash.obj
-input=DefaultBuild\fast.obj
-input=DefaultBuild\i2c.obj
-input=DefaultBuild\adjust.obj
-input=DefaultBuild\odom.obj
-input=DefaultBuild\my_sin.obj
-input=DefaultBuild\my_cos.obj
-input=DefaultBuild\depth_first_search.obj
-noprelink
-output=DefaultBuild\micromouse.abs
-list=DefaultBuild\micromouse.map
-nooptimize
-start=B_1,R_1,B_2,R_2,B,R,SU,SI/04,PResetPRG/0FFF80000,C_1,C_2,C,C$DSEC,C$BSEC,C$INIT,C$VTBL,C$VECT,D_1,D_2,D,P,PIntPRG,W_1,W_2,W,L/0FFF80100,FIXEDVECT/0FFFFFFD0
-rom=D=R,D_1=R_1,D_2=R_2
-stack
-nologo
-end

*** Error information ***

*** Mapping List ***

SECTION                            START      END         SIZE   ALIGN
B_1
                                  00000004  00000450       44d   1
R_1
                                  00000451  00000451         0   1
B_2
                                  00000452  00000461        10   2
R_2
                                  00000462  00000462         0   1
B
                                  00000464  0000e28f      de2c   4
R
                                  0000e290  0000e2bf        30   4
SU
                                  0000e2c0  0000e3bf       100   4
SI
                                  0000e3c0  0000e6bf       300   4
PResetPRG
                                  fff80000  fff80030        31   1
C_1
                                  fff80100  fff80100         0   1
C_2
                                  fff80100  fff80100         0   1
C
                                  fff80100  fff827af      26b0   4
C$DSEC
                                  fff827b0  fff827d3        24   4
C$BSEC
                                  fff827d4  fff827eb        18   4
C$INIT
                                  fff827ec  fff827ec         0   1
C$VTBL
                                  fff827ec  fff827ec         0   1
C$VECT
                                  fff827ec  fff82beb       400   4
D_1
                                  fff82bec  fff82bec         0   1
D_2
                                  fff82bec  fff82bec         0   1
D
                                  fff82bec  fff82c1b        30   4
P
                                  fff82c1c  fff8f163      c548   1
PIntPRG
                                  fff8f164  fff8f39d       23a   1
W_1
                                  fff8f39e  fff8f39e         0   1
W_2
                                  fff8f39e  fff8f3bb        1e   2
W
                                  fff8f3bc  fff8f3bc         0   4
L
                                  fff8f3bc  fff8f6f0       335   4
$ADDR_C_FFFFFF80
                                  ffffff80  ffffff83         4   1
$ADDR_C_FFFFFFA0
                                  ffffffa0  ffffffaf        10   1
FIXEDVECT
                                  ffffffd0  ffffffff        30   4
